// Jest Snapshot v1, https://goo.gl/fbAQLP

exports[`ast.getFullText() should match codeExample.txt 1`] = `
"pragma solidity ^0.4.18;
contract SimpleStore {
  function set(uint _value) public {
    value = _value;
  }

  function get() public constant returns (uint) {
    return value;
  }

  uint value;
}"
`;

exports[`should query generated ast 1`] = `20`;
