// Jest Snapshot v1, https://goo.gl/fbAQLP

exports[`ast.getFullText() should match codeExample.txt 1`] = `
"<div>
  <h2 s-if=\\"title\\">{{title}}</h2>
  <form>
    <input type=\\"text\\" name=\\"foo\\">
    <button on-click=\\"onBtnClick\\">submit</button>
  </form>
</div>
"
`;

exports[`should query generated ast 1`] = `1`;
