// Jest Snapshot v1, https://goo.gl/fbAQLP

exports[`queries multiple files 1`] = `
Object {
  "identifiers": Array [
    Object {
      "ids": Array [
        "multipleRequire",
        "defaultParserInterface",
        "pkg",
        "ID",
        "defaultParserInterface",
        "id",
        "ID",
        "displayName",
        "ID",
        "version",
        "pkg",
        "version",
        "homepage",
        "pkg",
        "homepage",
        "locationProps",
        "Set",
        "typeProps",
        "Set",
        "loadParser",
        "callback",
        "multipleRequire",
        "callback",
        "parse",
        "CSSOM",
        "code",
        "CSSOM",
        "parse",
        "code",
        "getNodeName",
        "node",
        "node",
        "constructor",
        "name",
        "nodeToRange",
        "node",
        "___starts",
        "___ends",
        "node",
        "___ends",
        "undefined",
        "node",
        "parentRule",
        "___ends",
        "node",
        "parentRule",
        "___ends",
        "undefined",
        "___starts",
        "___ends",
        "opensByDefault",
        "node",
        "key",
        "key",
        "key",
        "_ignoredProperties",
        "Set",
        "multipleRequire",
      ],
      "path": "../../parsers/css/cssom/src/index.js",
      "vars": Array [
        "ID",
        undefined,
      ],
    },
    Object {
      "ids": Array [
        "multipleRequire",
        "defaultParserInterface",
        "pkg",
        "ID",
        "defaultParserInterface",
        "id",
        "ID",
        "displayName",
        "ID",
        "version",
        "pkg",
        "version",
        "homepage",
        "pkg",
        "homepage",
        "locationProps",
        "Set",
        "loadParser",
        "callback",
        "multipleRequire",
        "callback",
        "parse",
        "csstree",
        "code",
        "options",
        "csstree",
        "toPlainObject",
        "csstree",
        "parse",
        "code",
        "positions",
        "options",
        "nodeToRange",
        "loc",
        "loc",
        "loc",
        "start",
        "loc",
        "end",
        "loc",
        "start",
        "offset",
        "loc",
        "end",
        "offset",
        "opensByDefault",
        "node",
        "key",
        "key",
        "getDefaultOptions",
        "context",
        "parseValue",
        "parseRulePrelude",
        "parseAtrulePrelude",
        "parseCustomProperty",
        "_getSettingsConfiguration",
        "fields",
        "multipleRequire",
      ],
      "path": "../../parsers/css/csstree/src/index.js",
      "vars": Array [
        "ID",
      ],
    },
    Object {
      "ids": Array [
        "multipleRequire",
        "defaultParserInterface",
        "pkg",
        "ID",
        "defaultParserInterface",
        "id",
        "ID",
        "displayName",
        "ID",
        "version",
        "pkg",
        "version",
        "homepage",
        "pkg",
        "homepage",
        "locationProps",
        "Set",
        "loadParser",
        "callback",
        "multipleRequire",
        "builtIn",
        "scss",
        "less",
        "safe",
        "callback",
        "builtIn",
        "scss",
        "less",
        "less",
        "parse",
        "safe",
        "parse",
        "parsers",
        "code",
        "options",
        "defaultParserInterface",
        "parse",
        "call",
        "parsers",
        "options",
        "parser",
        "code",
        "nodeToRange",
        "range",
        "source",
        "range",
        "range",
        "end",
        "getOffset",
        "range",
        "start",
        "getOffset",
        "range",
        "end",
        "opensByDefault",
        "node",
        "key",
        "key",
        "_ignoredProperties",
        "Set",
        "getDefaultOptions",
        "parser",
        "_getSettingsConfiguration",
        "fields",
        "multipleRequire",
      ],
      "path": "../../parsers/css/postcss/src/index.js",
      "vars": Array [
        "ID",
      ],
    },
    Object {
      "ids": Array [
        "multipleRequire",
        "defaultParserInterface",
        "pkg",
        "ID",
        "defaultParserInterface",
        "id",
        "ID",
        "displayName",
        "ID",
        "version",
        "pkg",
        "version",
        "homepage",
        "pkg",
        "homepage",
        "locationProps",
        "Set",
        "loadParser",
        "callback",
        "multipleRequire",
        "callback",
        "nodeToRange",
        "range",
        "position",
        "range",
        "range",
        "start",
        "range",
        "end",
        "map",
        "pos",
        "getOffset",
        "pos",
        "opensByDefault",
        "node",
        "key",
        "key",
        "_ignoredProperties",
        "Set",
        "multipleRequire",
      ],
      "path": "../../parsers/css/rework/src/index.js",
      "vars": Array [
        "ID",
      ],
    },
    Object {
      "ids": Array [
        "multipleRequire",
        "defaultParserInterface",
        "pkg",
        "ID",
        "defaultParserInterface",
        "id",
        "ID",
        "displayName",
        "ID",
        "version",
        "pkg",
        "version",
        "homepage",
        "pkg",
        "homepage",
        "locationProps",
        "Set",
        "_ignoredProperties",
        "Set",
        "loadParser",
        "callback",
        "multipleRequire",
        "tokenize",
        "parse",
        "callback",
        "tokenize",
        "parse",
        "parse",
        "tokenize",
        "parse",
        "code",
        "tokens",
        "tokenize",
        "code",
        "ast",
        "parse",
        "tokens",
        "decoratePosition",
        "node",
        "end",
        "node",
        "loc",
        "start",
        "node",
        "token",
        "position",
        "end",
        "node",
        "children",
        "forEach",
        "child",
        "i",
        "nextSibling",
        "node",
        "children",
        "i",
        "decoratePosition",
        "child",
        "nextSibling",
        "nextSibling",
        "token",
        "nextSibling",
        "token",
        "nextSibling",
        "token",
        "position",
        "nextSibling",
        "token",
        "preceding",
        "reduce",
        "s",
        "n",
        "s",
        "n",
        "data",
        "length",
        "end",
        "decoratePosition",
        "ast",
        "code",
        "length",
        "ast",
        "nodeToRange",
        "loc",
        "loc",
        "loc",
        "start",
        "loc",
        "end",
        "opensByDefault",
        "node",
        "key",
        "key",
        "node",
        "type",
        "multipleRequire",
      ],
      "path": "../../parsers/glsl/glsl-parser/src/index.js",
      "vars": Array [
        "ID",
        "tokens",
        "ast",
        "nextSibling",
      ],
    },
    Object {
      "ids": Array [
        "multipleRequire",
        "defaultParserInterface",
        "ID",
        "defaultParserInterface",
        "id",
        "ID",
        "displayName",
        "ID",
        "version",
        "homepage",
        "_ignoredProperties",
        "Set",
        "locationProps",
        "Set",
        "loadParser",
        "callback",
        "multipleRequire",
        "parser",
        "parser",
        "init",
        "callback",
        "parser",
        "parse",
        "parser",
        "code",
        "parser",
        "parseFile",
        "code",
        "getNodeName",
        "node",
        "node",
        "_type",
        "nodeToRange",
        "node",
        "node",
        "Loc",
        "node",
        "Loc",
        "Start",
        "node",
        "Loc",
        "End",
        "map",
        "Offset",
        "Offset",
        "multipleRequire",
      ],
      "path": "../../parsers/go/go/src/index.js",
      "vars": Array [
        "ID",
      ],
    },
    Object {
      "ids": Array [
        "multipleRequire",
        "defaultParserInterface",
        "pkg",
        "ID",
        "defaultParserInterface",
        "id",
        "ID",
        "displayName",
        "ID",
        "version",
        "pkg",
        "version",
        "homepage",
        "pkg",
        "homepage",
        "locationProps",
        "Set",
        "typeProps",
        "Set",
        "_ignoredProperties",
        "Set",
        "loadParser",
        "callback",
        "multipleRequire",
        "parse",
        "callback",
        "parse",
        "parse",
        "parse",
        "code",
        "options",
        "parse",
        "code",
        "options",
        "nodeToRange",
        "node",
        "node",
        "loc",
        "node",
        "loc",
        "start",
        "node",
        "loc",
        "end",
        "getNodeName",
        "node",
        "node",
        "kind",
        "opensByDefault",
        "node",
        "key",
        "key",
        "getDefaultOptions",
        "noLocation",
        "noSource",
        "multipleRequire",
      ],
      "path": "../../parsers/graphql/graphql-js/src/index.js",
      "vars": Array [
        "ID",
      ],
    },
    Object {
      "ids": Array [
        "multipleRequire",
        "defaultParserInterface",
        "pkg",
        "ID",
        "defaultParserInterface",
        "id",
        "ID",
        "displayName",
        "ID",
        "version",
        "pkg",
        "version",
        "homepage",
        "pkg",
        "homepage",
        "locationProps",
        "Set",
        "loadParser",
        "callback",
        "multipleRequire",
        "callback",
        "parse",
        "redot",
        "code",
        "redot",
        "parse",
        "code",
        "nodeToRange",
        "position",
        "position",
        "position",
        "start",
        "offset",
        "position",
        "end",
        "offset",
        "opensByDefault",
        "node",
        "key",
        "key",
        "multipleRequire",
      ],
      "path": "../../parsers/graphviz/redot/src/index.js",
      "vars": Array [
        "ID",
      ],
    },
    Object {
      "ids": Array [
        "multipleRequire",
        "defaultParserInterface",
        "pkg",
        "ID",
        "defaultParserInterface",
        "id",
        "ID",
        "displayName",
        "ID",
        "version",
        "pkg",
        "version",
        "homepage",
        "pkg",
        "homepage",
        "loadParser",
        "callback",
        "multipleRequire",
        "recast",
        "callback",
        "recast",
        "parse",
        "opensByDefault",
        "node",
        "key",
        "key",
        "multipleRequire",
      ],
      "path": "../../parsers/handlebars/ember-template-recast/src/index.js",
      "vars": Array [
        "ID",
      ],
    },
    Object {
      "ids": Array [
        "multipleRequire",
        "defaultParserInterface",
        "pkg",
        "ID",
        "defaultParserInterface",
        "id",
        "ID",
        "displayName",
        "ID",
        "version",
        "pkg",
        "version",
        "homepage",
        "pkg",
        "homepage",
        "loadParser",
        "callback",
        "multipleRequire",
        "glimmer",
        "callback",
        "glimmer",
        "preprocess",
        "opensByDefault",
        "node",
        "key",
        "key",
        "multipleRequire",
      ],
      "path": "../../parsers/handlebars/glimmer/src/index.js",
      "vars": Array [
        "ID",
      ],
    },
    Object {
      "ids": Array [
        "multipleRequire",
        "defaultParserInterface",
        "pkg",
        "ID",
        "defaultParserInterface",
        "id",
        "ID",
        "displayName",
        "ID",
        "version",
        "pkg",
        "version",
        "homepage",
        "pkg",
        "homepage",
        "loadParser",
        "callback",
        "multipleRequire",
        "handlebars",
        "callback",
        "handlebars",
        "parse",
        "opensByDefault",
        "node",
        "key",
        "key",
        "multipleRequire",
      ],
      "path": "../../parsers/handlebars/handlebars/src/index.js",
      "vars": Array [
        "ID",
      ],
    },
    Object {
      "ids": Array [
        "multipleRequire",
        "defaultParserInterface",
        "pkg",
        "ID",
        "wrapParesr",
        "callback",
        "parseForESLint",
        "parse",
        "code",
        "options",
        "ast",
        "visitorKeys",
        "convertNodeSourceSpanToLoc",
        "services",
        "parseForESLint",
        "code",
        "options",
        "addLocation",
        "node",
        "node",
        "startSourceSpan",
        "node",
        "endSourceSpan",
        "node",
        "sourceSpan",
        "node",
        "range",
        "node",
        "range",
        "node",
        "sourceSpan",
        "start",
        "offset",
        "node",
        "sourceSpan",
        "end",
        "offset",
        "loc",
        "node",
        "loc",
        "convertNodeSourceSpanToLoc",
        "node",
        "sourceSpan",
        "node",
        "range",
        "loc",
        "range",
        "node",
        "range",
        "node",
        "startSourceSpan",
        "start",
        "offset",
        "node",
        "endSourceSpan",
        "end",
        "offset",
        "loc",
        "node",
        "loc",
        "start",
        "convertNodeSourceSpanToLoc",
        "node",
        "startSourceSpan",
        "start",
        "end",
        "convertNodeSourceSpanToLoc",
        "node",
        "endSourceSpan",
        "end",
        "node",
        "range",
        "loc",
        "visit",
        "node",
        "keys",
        "visitorKeys",
        "node",
        "type",
        "newNode",
        "keys",
        "reduce",
        "acc",
        "key",
        "child",
        "node",
        "key",
        "Array",
        "isArray",
        "child",
        "children",
        "child",
        "acc",
        "key",
        "children",
        "map",
        "visit",
        "child",
        "acc",
        "key",
        "visit",
        "child",
        "acc",
        "node",
        "addLocation",
        "newNode",
        "visit",
        "ast",
        "callback",
        "parse",
        "defaultParserInterface",
        "id",
        "ID",
        "displayName",
        "ID",
        "version",
        "pkg",
        "version",
        "homepage",
        "pkg",
        "homepage",
        "locationProps",
        "Set",
        "loadParser",
        "callback",
        "multipleRequire",
        "wrapParesr",
        "bind",
        "callback",
        "parse",
        "parser",
        "code",
        "options",
        "parser",
        "parse",
        "code",
        "options",
        "multipleRequire",
      ],
      "path": "../../parsers/html/angular-eslint/src/index.js",
      "vars": Array [
        "ID",
        "parse",
        undefined,
        "addLocation",
        "range",
        "loc",
        "range",
        "loc",
        "visit",
        "keys",
        "newNode",
        "child",
        "children",
      ],
    },
    Object {
      "ids": Array [
        "multipleRequire",
        "defaultParserInterface",
        "pkg",
        "ID",
        "defaultParserInterface",
        "id",
        "ID",
        "displayName",
        "ID",
        "version",
        "pkg",
        "version",
        "homepage",
        "pkg",
        "homepage",
        "locationProps",
        "Set",
        "typeProps",
        "Set",
        "loadParser",
        "callback",
        "multipleRequire",
        "callback",
        "parse",
        "ng",
        "code",
        "options",
        "ast",
        "ng",
        "parseTemplate",
        "code",
        "options",
        "fixSpan",
        "ast",
        "code",
        "ast",
        "nodeToRange",
        "node",
        "node",
        "startSourceSpan",
        "node",
        "endSourceSpan",
        "node",
        "startSourceSpan",
        "start",
        "offset",
        "node",
        "endSourceSpan",
        "end",
        "offset",
        "node",
        "startSourceSpan",
        "start",
        "offset",
        "node",
        "startSourceSpan",
        "end",
        "offset",
        "node",
        "sourceSpan",
        "node",
        "sourceSpan",
        "start",
        "offset",
        "node",
        "sourceSpan",
        "end",
        "offset",
        "node",
        "span",
        "node",
        "span",
        "start",
        "node",
        "span",
        "end",
        "getNodeName",
        "node",
        "name",
        "getNodeCtor",
        "node",
        "node",
        "name",
        "name",
        "node",
        "name",
        "name",
        "getDefaultOptions",
        "preserveWhitespaces",
        "getNodeCtor",
        "node",
        "node",
        "constructor",
        "node",
        "constructor",
        "name",
        "fixSpan",
        "ast",
        "code",
        "KEEP_VISIT",
        "visitTarget",
        "value",
        "isTarget",
        "fn",
        "parent",
        "value",
        "value",
        "isTarget",
        "value",
        "fn",
        "value",
        "parent",
        "KEEP_VISIT",
        "Array",
        "isArray",
        "value",
        "value",
        "forEach",
        "subValue",
        "visitTarget",
        "subValue",
        "isTarget",
        "fn",
        "value",
        "key",
        "value",
        "visitTarget",
        "value",
        "key",
        "isTarget",
        "fn",
        "value",
        "getBaseStart",
        "parent",
        "nodeName",
        "getNodeCtor",
        "parent",
        "nodeName",
        "offset",
        "parent",
        "sourceSpan",
        "start",
        "offset",
        "code",
        "offset",
        "code",
        "offset",
        "code",
        "offset",
        "offset",
        "offset",
        "parent",
        "sourceSpan",
        "start",
        "offset",
        "Error",
        "nodeName",
        "visitTarget",
        "ast",
        "value",
        "getNodeCtor",
        "value",
        "node",
        "parent",
        "baseStart",
        "getBaseStart",
        "parent",
        "visitTarget",
        "node",
        "value",
        "value",
        "span",
        "node",
        "node",
        "span",
        "start",
        "baseStart",
        "node",
        "span",
        "end",
        "baseStart",
        "KEEP_VISIT",
        "multipleRequire",
      ],
      "path": "../../parsers/html/angular/src/index.js",
      "vars": Array [
        "ID",
        "ast",
        "name",
        "KEEP_VISIT",
        "key",
        "nodeName",
        "offset",
        "baseStart",
      ],
    },
    Object {
      "ids": Array [
        "multipleRequire",
        "defaultParserInterface",
        "pkg",
        "ID",
        "defaultParserInterface",
        "id",
        "ID",
        "displayName",
        "ID",
        "version",
        "pkg",
        "version",
        "homepage",
        "pkg",
        "homepage",
        "locationProps",
        "Set",
        "typeProps",
        "Set",
        "loadParser",
        "callback",
        "multipleRequire",
        "Parser",
        "DomHandler",
        "Handler",
        "DomHandler",
        "withStartIndices",
        "withEndIndices",
        "onprocessinginstruction",
        "name",
        "data",
        "parser",
        "endIndex",
        "parser",
        "tokenizer",
        "_index",
        "onprocessinginstruction",
        "name",
        "data",
        "callback",
        "Parser",
        "Handler",
        "parse",
        "Parser",
        "Parser",
        "Handler",
        "code",
        "options",
        "handler",
        "Handler",
        "Parser",
        "handler",
        "options",
        "end",
        "code",
        "handler",
        "root",
        "nodeToRange",
        "node",
        "node",
        "type",
        "node",
        "startIndex",
        "node",
        "endIndex",
        "opensByDefault",
        "node",
        "key",
        "key",
        "getNodeName",
        "node",
        "nodeName",
        "node",
        "type",
        "nodeName",
        "node",
        "name",
        "nodeName",
        "node",
        "name",
        "nodeName",
        "getDefaultOptions",
        "xmlMode",
        "lowerCaseAttributeNames",
        "lowerCaseTags",
        "_ignoredProperties",
        "Set",
        "multipleRequire",
      ],
      "path": "../../parsers/html/htmlparser2/src/index.js",
      "vars": Array [
        "ID",
        "handler",
        "nodeName",
      ],
    },
    Object {
      "ids": Array [
        "multipleRequire",
        "defaultParserInterface",
        "pkg",
        "NODE_DOCTYPE",
        "NODE_TAG",
        "NODE_TEXT",
        "NODE_COMMENT",
        "NODE_SCRIPT",
        "NODE_STYLE",
        "ID",
        "getTagEndPosition",
        "node",
        "node",
        "content",
        "close",
        "node",
        "content",
        "close",
        "endPosition",
        "node",
        "content",
        "openEnd",
        "node",
        "content",
        "openEnd",
        "endPosition",
        "node",
        "content",
        "openStart",
        "endPosition",
        "getDoctypeRange",
        "node",
        "node",
        "content",
        "start",
        "startPosition",
        "node",
        "content",
        "end",
        "endPosition",
        "getTagRange",
        "node",
        "endPosition",
        "getTagEndPosition",
        "node",
        "node",
        "content",
        "openStart",
        "startPosition",
        "endPosition",
        "getTextRange",
        "node",
        "node",
        "content",
        "value",
        "startPosition",
        "node",
        "content",
        "value",
        "endPosition",
        "getCommentRange",
        "node",
        "node",
        "content",
        "start",
        "startPosition",
        "node",
        "content",
        "end",
        "endPosition",
        "defaultParserInterface",
        "id",
        "ID",
        "displayName",
        "ID",
        "version",
        "pkg",
        "version",
        "homepage",
        "pkg",
        "homepage",
        "locationProps",
        "Set",
        "loadParser",
        "callback",
        "multipleRequire",
        "tokenize",
        "constructTree",
        "callback",
        "tokenize",
        "constructTree",
        "parse",
        "tokenize",
        "constructTree",
        "code",
        "tokens",
        "tokenize",
        "code",
        "ast",
        "constructTree",
        "tokens",
        "ast",
        "nodeToRange",
        "node",
        "node",
        "nodeType",
        "undefined",
        "node",
        "nodeType",
        "NODE_DOCTYPE",
        "getDoctypeRange",
        "node",
        "node",
        "nodeType",
        "NODE_TAG",
        "node",
        "nodeType",
        "NODE_SCRIPT",
        "node",
        "nodeType",
        "NODE_STYLE",
        "getTagRange",
        "node",
        "node",
        "nodeType",
        "NODE_TEXT",
        "getTextRange",
        "node",
        "node",
        "nodeType",
        "NODE_COMMENT",
        "getCommentRange",
        "node",
        "opensByDefault",
        "node",
        "key",
        "includes",
        "key",
        "getNodeName",
        "node",
        "node",
        "nodeType",
        "undefined",
        "nodeName",
        "node",
        "nodeType",
        "node",
        "content",
        "name",
        "undefined",
        "nodeName",
        "node",
        "content",
        "name",
        "nodeName",
        "_ignoredProperties",
        "Set",
        "multipleRequire",
      ],
      "path": "../../parsers/html/hyntax/src/index.js",
      "vars": Array [
        "ID",
        "endPosition",
        undefined,
        undefined,
        "nodeName",
      ],
    },
    Object {
      "ids": Array [
        "multipleRequire",
        "defaultParserInterface",
        "pkg",
        "ID",
        "defaultParserInterface",
        "id",
        "ID",
        "displayName",
        "ID",
        "version",
        "pkg",
        "version",
        "homepage",
        "pkg",
        "homepage",
        "locationProps",
        "Set",
        "typeProps",
        "Set",
        "loadParser",
        "callback",
        "multipleRequire",
        "Parser",
        "defaultAdapter",
        "htmlparser2Adapter",
        "callback",
        "Parser",
        "TreeAdapters",
        "default",
        "defaultAdapter",
        "htmlparser2",
        "htmlparser2Adapter",
        "parse",
        "Parser",
        "TreeAdapters",
        "code",
        "options",
        "options",
        "options",
        "Parser",
        "treeAdapter",
        "TreeAdapters",
        "options",
        "treeAdapter",
        "sourceCodeLocationInfo",
        "parse",
        "code",
        "getNodeName",
        "node",
        "options",
        "treeAdapter",
        "node",
        "type",
        "node",
        "type",
        "node",
        "name",
        "node",
        "type",
        "node",
        "name",
        "node",
        "nodeName",
        "nodeToRange",
        "loc",
        "sourceCodeLocation",
        "loc",
        "loc",
        "startOffset",
        "loc",
        "endOffset",
        "opensByDefault",
        "node",
        "key",
        "key",
        "key",
        "getDefaultOptions",
        "treeAdapter",
        "_getSettingsConfiguration",
        "fields",
        "_ignoredProperties",
        "Set",
        "multipleRequire",
      ],
      "path": "../../parsers/html/parse5/src/index.js",
      "vars": Array [
        "ID",
      ],
    },
    Object {
      "ids": Array [
        "multipleRequire",
        "defaultParserInterface",
        "pkg",
        "ID",
        "name",
        "defaultParserInterface",
        "id",
        "ID",
        "displayName",
        "name",
        "version",
        "pkg",
        "version",
        "homepage",
        "pkg",
        "homepage",
        "loadParser",
        "callback",
        "multipleRequire",
        "callback",
        "parse",
        "posthtmlParser",
        "code",
        "options",
        "posthtmlParser",
        "code",
        "options",
        "opensByDefault",
        "node",
        "key",
        "key",
        "getDefaultOptions",
        "lowerCaseTags",
        "lowerCaseAttributeNames",
        "typeProps",
        "Set",
        "multipleRequire",
      ],
      "path": "../../parsers/html/posthtml/src/index.js",
      "vars": Array [
        "ID",
        "name",
      ],
    },
    Object {
      "ids": Array [
        "multipleRequire",
        "defaultParserInterface",
        "pkg",
        "ID",
        "defaultParserInterface",
        "id",
        "ID",
        "displayName",
        "ID",
        "version",
        "pkg",
        "version",
        "homepage",
        "pkg",
        "homepage",
        "locationProps",
        "Set",
        "typeProps",
        "Set",
        "loadParser",
        "callback",
        "multipleRequire",
        "callback",
        "parse",
        "parser",
        "code",
        "options",
        "parser",
        "compile",
        "code",
        "options",
        "ast",
        "nodeToRange",
        "node",
        "node",
        "type",
        "node",
        "name",
        "node",
        "start",
        "node",
        "end",
        "opensByDefault",
        "node",
        "key",
        "key",
        "getNodeName",
        "node",
        "node",
        "tag",
        "getDefaultOptions",
        "preserveWhitespace",
        "preserveComments",
        "_ignoredProperties",
        "Set",
        "multipleRequire",
      ],
      "path": "../../parsers/html/svelte/src/index.js",
      "vars": Array [
        "ID",
      ],
    },
    Object {
      "ids": Array [
        "multipleRequire",
        "defaultParserInterface",
        "pkg",
        "ID",
        "TYPES",
        "parserSettingsConfiguration",
        "fields",
        "defaultOptions",
        "captureLocation",
        "normalizeHashtagInPlural",
        "defaultParserInterface",
        "id",
        "ID",
        "displayName",
        "ID",
        "version",
        "pkg",
        "version",
        "homepage",
        "pkg",
        "homepage",
        "locationProps",
        "Set",
        "loadParser",
        "callback",
        "multipleRequire",
        "all",
        "Object",
        "keys",
        "all",
        "TYPE",
        "forEach",
        "k",
        "TYPES",
        "k",
        "all",
        "TYPE",
        "k",
        "callback",
        "all",
        "parse",
        "parser",
        "code",
        "opts",
        "parser",
        "parse",
        "code",
        "opts",
        "_getSettingsConfiguration",
        "parserSettingsConfiguration",
        "getDefaultOptions",
        "defaultOptions",
        "getNodeName",
        "node",
        "node",
        "type",
        "TYPES",
        "node",
        "type",
        "nodeToRange",
        "location",
        "location",
        "location",
        "start",
        "location",
        "end",
        "location",
        "start",
        "offset",
        "location",
        "end",
        "offset",
        "multipleRequire",
      ],
      "path": "../../parsers/icu/intl-messageformat-parser/src/index.js",
      "vars": Array [
        "ID",
        "TYPES",
        "parserSettingsConfiguration",
        "defaultOptions",
      ],
    },
    Object {
      "ids": Array [
        "multipleRequire",
        "defaultParserInterface",
        "pkg",
        "ID",
        "parserSettingsConfiguration",
        "fields",
        "defaultParserInterface",
        "id",
        "ID",
        "displayName",
        "ID",
        "version",
        "pkg",
        "version",
        "homepage",
        "pkg",
        "homepage",
        "locationProps",
        "Set",
        "typeProps",
        "Set",
        "loadParser",
        "callback",
        "multipleRequire",
        "callback",
        "parse",
        "parser",
        "code",
        "parser",
        "parse",
        "code",
        "_ignoredProperties",
        "Set",
        "getDefaultOptions",
        "getNodeName",
        "name",
        "name",
        "nodeToRange",
        "location",
        "location",
        "location",
        "startOffset",
        "location",
        "endOffset",
        "multipleRequire",
      ],
      "path": "../../parsers/java/java-parser/src/index.js",
      "vars": Array [
        "ID",
        "parserSettingsConfiguration",
      ],
    },
    Object {
      "ids": Array [
        "multipleRequire",
        "defaultParserInterface",
        "pkg",
        "availablePlugins",
        "ID",
        "defaultOptions",
        "sourceType",
        "allowImportExportEverywhere",
        "allowReturnOutsideFunction",
        "createParenthesizedExpressions",
        "ranges",
        "tokens",
        "plugins",
        "pipelineOptions",
        "proposal",
        "hackTopicToken",
        "parserSettingsConfiguration",
        "fields",
        "key",
        "title",
        "fields",
        "availablePlugins",
        "settings",
        "settings",
        "settings",
        "plugins",
        "defaultOptions",
        "plugins",
        "values",
        "plugins",
        "availablePlugins",
        "reduce",
        "obj",
        "name",
        "obj",
        "name",
        "plugins",
        "indexOf",
        "name",
        "obj",
        "key",
        "title",
        "fields",
        "settings",
        "settings",
        "settings",
        "pipelineOptions",
        "defaultOptions",
        "pipelineOptions",
        "defaultParserInterface",
        "id",
        "ID",
        "displayName",
        "version",
        "pkg",
        "version",
        "homepage",
        "pkg",
        "homepage",
        "locationProps",
        "Set",
        "loadParser",
        "callback",
        "multipleRequire",
        "callback",
        "parse",
        "babylon",
        "code",
        "options",
        "defaultOptions",
        "options",
        "options",
        "pipelineOptions",
        "proposal",
        "options",
        "pipelineProposal",
        "options",
        "options",
        "plugins",
        "options",
        "plugins",
        "map",
        "plugin",
        "plugin",
        "decoratorsBeforeExport",
        "proposal",
        "pipelineOptions",
        "proposal",
        "topicToken",
        "pipelineOptions",
        "hackTopicToken",
        "syntaxType",
        "plugin",
        "babylon",
        "parse",
        "code",
        "options",
        "getNodeName",
        "node",
        "node",
        "type",
        "node",
        "type",
        "node",
        "type",
        "label",
        "nodeToRange",
        "node",
        "node",
        "start",
        "node",
        "start",
        "node",
        "end",
        "getDefaultOptions",
        "defaultOptions",
        "_getSettingsConfiguration",
        "parserSettingsConfiguration",
        "multipleRequire",
      ],
      "path": "../../parsers/js/babel/src/index.js",
      "vars": Array [
        "availablePlugins",
        "ID",
        "defaultOptions",
        "parserSettingsConfiguration",
        undefined,
      ],
    },
    Object {
      "ids": Array [
        "multipleRequire",
        "defaultParserInterface",
        "pkg",
        "ID",
        "defaultParserInterface",
        "id",
        "ID",
        "displayName",
        "ID",
        "version",
        "pkg",
        "version",
        "homepage",
        "pkg",
        "homepage",
        "locationProps",
        "Set",
        "loadParser",
        "callback",
        "multipleRequire",
        "callback",
        "parse",
        "esprima",
        "code",
        "options",
        "esprima",
        "parse",
        "code",
        "options",
        "forEachProperty",
        "node",
        "node",
        "node",
        "prop",
        "node",
        "node",
        "prop",
        "value",
        "node",
        "prop",
        "key",
        "prop",
        "computed",
        "getDefaultOptions",
        "sourceType",
        "loc",
        "range",
        "tokens",
        "comment",
        "attachComment",
        "tolerant",
        "jsx",
        "_getSettingsConfiguration",
        "fields",
        "required",
        "Set",
        "multipleRequire",
      ],
      "path": "../../parsers/js/esprima/src/index.js",
      "vars": Array [
        "ID",
        "prop",
      ],
    },
    Object {
      "ids": Array [
        "multipleRequire",
        "defaultParserInterface",
        "pkg",
        "ID",
        "defaultOptions",
        "enums",
        "esproposal_class_instance_fields",
        "esproposal_class_static_fields",
        "esproposal_decorators",
        "esproposal_export_star_as",
        "esproposal_optional_chaining",
        "esproposal_nullish_coalescing",
        "tokens",
        "types",
        "parserSettingsConfiguration",
        "fields",
        "defaultParserInterface",
        "id",
        "ID",
        "displayName",
        "ID",
        "version",
        "pkg",
        "version",
        "homepage",
        "pkg",
        "homepage",
        "locationProps",
        "Set",
        "loadParser",
        "callback",
        "multipleRequire",
        "callback",
        "parse",
        "flowParser",
        "code",
        "options",
        "flowParser",
        "parse",
        "code",
        "options",
        "getDefaultOptions",
        "defaultOptions",
        "_getSettingsConfiguration",
        "parserSettingsConfiguration",
        "multipleRequire",
      ],
      "path": "../../parsers/js/flow/src/index.js",
      "vars": Array [
        "ID",
        "defaultOptions",
        "parserSettingsConfiguration",
      ],
    },
    Object {
      "ids": Array [
        "multipleRequire",
        "defaultParserInterface",
        "pkg",
        "ID",
        "FILENAME",
        "getComments",
        "syntaxKind",
        "global",
        "process",
        "global",
        "process",
        "defaultParserInterface",
        "id",
        "ID",
        "displayName",
        "ID",
        "version",
        "pkg",
        "version",
        "homepage",
        "pkg",
        "homepage",
        "locationProps",
        "Set",
        "typeProps",
        "Set",
        "loadParser",
        "callback",
        "multipleRequire",
        "_ts",
        "name",
        "Object",
        "keys",
        "_ts",
        "SyntaxKind",
        "filter",
        "x",
        "isNaN",
        "parseInt",
        "x",
        "value",
        "_ts",
        "SyntaxKind",
        "name",
        "syntaxKind",
        "value",
        "syntaxKind",
        "value",
        "name",
        "callback",
        "_ts",
        "parse",
        "ts",
        "code",
        "options",
        "compilerHost",
        "fileExists",
        "getCanonicalFileName",
        "filename",
        "filename",
        "getCurrentDirectory",
        "getDefaultLibFileName",
        "getNewLine",
        "getSourceFile",
        "filename",
        "ts",
        "createSourceFile",
        "filename",
        "code",
        "ts",
        "ScriptTarget",
        "Latest",
        "readFile",
        "useCaseSensitiveFileNames",
        "writeFile",
        "filename",
        "FILENAME",
        "options",
        "jsx",
        "program",
        "ts",
        "createProgram",
        "filename",
        "noResolve",
        "target",
        "ts",
        "ScriptTarget",
        "Latest",
        "experimentalDecorators",
        "options",
        "experimentalDecorators",
        "experimentalAsyncFunctions",
        "options",
        "experimentalAsyncFunctions",
        "jsx",
        "options",
        "jsx",
        "undefined",
        "compilerHost",
        "sourceFile",
        "program",
        "getSourceFile",
        "filename",
        "getComments",
        "node",
        "isTrailing",
        "node",
        "parent",
        "nodePos",
        "isTrailing",
        "node",
        "end",
        "node",
        "pos",
        "parentPos",
        "isTrailing",
        "node",
        "parent",
        "end",
        "node",
        "parent",
        "pos",
        "node",
        "parent",
        "kind",
        "ts",
        "SyntaxKind",
        "SourceFile",
        "nodePos",
        "parentPos",
        "comments",
        "isTrailing",
        "ts",
        "getTrailingCommentRanges",
        "sourceFile",
        "text",
        "nodePos",
        "ts",
        "getLeadingCommentRanges",
        "sourceFile",
        "text",
        "nodePos",
        "Array",
        "isArray",
        "comments",
        "comments",
        "forEach",
        "comment",
        "comment",
        "type",
        "syntaxKind",
        "comment",
        "kind",
        "comment",
        "text",
        "sourceFile",
        "text",
        "substring",
        "comment",
        "pos",
        "comment",
        "end",
        "comments",
        "sourceFile",
        "getNodeName",
        "node",
        "node",
        "kind",
        "syntaxKind",
        "node",
        "kind",
        "_ignoredProperties",
        "Set",
        "forEachProperty",
        "node",
        "node",
        "node",
        "prop",
        "node",
        "_ignoredProperties",
        "has",
        "prop",
        "prop",
        "charAt",
        "value",
        "node",
        "prop",
        "key",
        "prop",
        "node",
        "parent",
        "value",
        "getComments",
        "node",
        "key",
        "computed",
        "value",
        "getComments",
        "node",
        "key",
        "computed",
        "nodeToRange",
        "node",
        "node",
        "getStart",
        "node",
        "getEnd",
        "node",
        "getStart",
        "node",
        "getEnd",
        "node",
        "pos",
        "node",
        "end",
        "node",
        "pos",
        "node",
        "end",
        "opensByDefault",
        "_",
        "key",
        "key",
        "key",
        "key",
        "getDefaultOptions",
        "experimentalDecorators",
        "jsx",
        "multipleRequire",
      ],
      "path": "../../parsers/js/typescript/src/index.js",
      "vars": Array [
        "ID",
        "FILENAME",
        "getComments",
        "syntaxKind",
        "name",
        "value",
        "compilerHost",
        "filename",
        "program",
        "sourceFile",
        "nodePos",
        "parentPos",
        "comments",
        "prop",
      ],
    },
    Object {
      "ids": Array [
        "multipleRequire",
        "defaultParserInterface",
        "pkg",
        "ID",
        "defaultParserInterface",
        "id",
        "ID",
        "displayName",
        "ID",
        "version",
        "pkg",
        "version",
        "homepage",
        "pkg",
        "homepage",
        "locationProps",
        "Set",
        "loadParser",
        "callback",
        "multipleRequire",
        "callback",
        "parse",
        "jsonToAst",
        "code",
        "jsonToAst",
        "code",
        "nodeToRange",
        "loc",
        "loc",
        "loc",
        "start",
        "offset",
        "loc",
        "end",
        "offset",
        "multipleRequire",
      ],
      "path": "../../parsers/json/json-to-ast/src/index.js",
      "vars": Array [
        "ID",
      ],
    },
    Object {
      "ids": Array [
        "multipleRequire",
        "defaultParserInterface",
        "pkg",
        "ID",
        "defaultParserInterface",
        "id",
        "ID",
        "displayName",
        "ID",
        "version",
        "pkg",
        "version",
        "homepage",
        "pkg",
        "homepage",
        "locationProps",
        "Set",
        "loadParser",
        "callback",
        "multipleRequire",
        "callback",
        "parse",
        "momoa",
        "code",
        "options",
        "momoa",
        "parse",
        "code",
        "options",
        "nodeToRange",
        "loc",
        "loc",
        "loc",
        "start",
        "offset",
        "loc",
        "end",
        "offset",
        "getDefaultOptions",
        "comments",
        "tokens",
        "ranges",
        "multipleRequire",
      ],
      "path": "../../parsers/json/momoa/src/index.js",
      "vars": Array [
        "ID",
      ],
    },
    Object {
      "ids": Array [
        "multipleRequire",
        "defaultParserInterface",
        "pkg",
        "ID",
        "defaultParserInterface",
        "id",
        "ID",
        "displayName",
        "ID",
        "version",
        "pkg",
        "version",
        "homepage",
        "pkg",
        "homepage",
        "locationProps",
        "Set",
        "loadParser",
        "callback",
        "multipleRequire",
        "callback",
        "parse",
        "luaparse",
        "code",
        "options",
        "luaparse",
        "parse",
        "code",
        "options",
        "getDefaultOptions",
        "ranges",
        "locations",
        "comments",
        "scope",
        "luaVersion",
        "_getSettingsConfiguration",
        "fields",
        "required",
        "Set",
        "multipleRequire",
      ],
      "path": "../../parsers/lua/luaparse/src/index.js",
      "vars": Array [
        "ID",
      ],
    },
    Object {
      "ids": Array [
        "multipleRequire",
        "defaultParserInterface",
        "pkg",
        "ID",
        "defaultParserInterface",
        "id",
        "ID",
        "displayName",
        "ID",
        "version",
        "pkg",
        "version",
        "homepage",
        "pkg",
        "homepage",
        "locationProps",
        "Set",
        "loadParser",
        "callback",
        "multipleRequire",
        "callback",
        "parse",
        "parse",
        "code",
        "parse",
        "code",
        "nodeToRange",
        "node",
        "start",
        "end",
        "node",
        "location",
        "start",
        "push",
        "node",
        "location",
        "start",
        "offset",
        "end",
        "push",
        "node",
        "location",
        "end",
        "offset",
        "node",
        "fieldLocation",
        "start",
        "push",
        "node",
        "fieldLocation",
        "start",
        "offset",
        "end",
        "push",
        "node",
        "fieldLocation",
        "end",
        "offset",
        "node",
        "termLocation",
        "start",
        "push",
        "node",
        "termLocation",
        "start",
        "offset",
        "end",
        "push",
        "node",
        "termLocation",
        "end",
        "offset",
        "start",
        "length",
        "end",
        "length",
        "start",
        "reduce",
        "a",
        "b",
        "Math",
        "min",
        "a",
        "b",
        "end",
        "reduce",
        "a",
        "b",
        "Math",
        "max",
        "a",
        "b",
        "getDefaultOptions",
        "multipleRequire",
      ],
      "path": "../../parsers/lucene/lucene/src/index.js",
      "vars": Array [
        "ID",
        "start",
        "end",
      ],
    },
    Object {
      "ids": Array [
        "multipleRequire",
        "defaultParserInterface",
        "pkg",
        "ID",
        "defaultParserInterface",
        "id",
        "ID",
        "displayName",
        "ID",
        "version",
        "pkg",
        "version",
        "homepage",
        "pkg",
        "homepage",
        "locationProps",
        "Set",
        "loadParser",
        "callback",
        "multipleRequire",
        "remark",
        "gfm",
        "directive",
        "frontmatter",
        "math",
        "callback",
        "remark",
        "gfm",
        "directive",
        "frontmatter",
        "math",
        "parse",
        "remark",
        "gfm",
        "directive",
        "frontmatter",
        "math",
        "code",
        "options",
        "plugins",
        "options",
        "gfm",
        "options",
        "directive",
        "options",
        "frontmatter",
        "options",
        "math",
        "filter",
        "plugin",
        "plugin",
        "remark",
        "use",
        "plugins",
        "parse",
        "code",
        "nodeToRange",
        "position",
        "position",
        "position",
        "start",
        "offset",
        "position",
        "end",
        "offset",
        "opensByDefault",
        "node",
        "key",
        "key",
        "getDefaultOptions",
        "multipleRequire",
      ],
      "path": "../../parsers/markdown/remark/src/index.js",
      "vars": Array [
        "ID",
        "plugins",
      ],
    },
    Object {
      "ids": Array [
        "multipleRequire",
        "defaultParserInterface",
        "pkg",
        "ID",
        "removeNewlines",
        "node",
        "node",
        "children",
        "node",
        "children",
        "node",
        "children",
        "filter",
        "node",
        "node",
        "value",
        "node",
        "children",
        "forEach",
        "removeNewlines",
        "defaultParserInterface",
        "id",
        "ID",
        "displayName",
        "ID",
        "version",
        "pkg",
        "version",
        "homepage",
        "locationProps",
        "Set",
        "loadParser",
        "callback",
        "multipleRequire",
        "mdx",
        "mdxAstToMdxHast",
        "callback",
        "mdx",
        "mdxAstToMdxHast",
        "parse",
        "mdx",
        "mdxAstToMdxHast",
        "code",
        "result",
        "mdx",
        "sync",
        "code",
        "hastPlugins",
        "mdxAstToMdxHast",
        "removeNewlines",
        "tree",
        "result",
        "tree",
        "result",
        "nodeToRange",
        "position",
        "position",
        "position",
        "start",
        "offset",
        "position",
        "end",
        "offset",
        "opensByDefault",
        "node",
        "key",
        "key",
        "multipleRequire",
      ],
      "path": "../../parsers/mdx/mdxhast/src/index.js",
      "vars": Array [
        "ID",
        "result",
      ],
    },
    Object {
      "ids": Array [
        "multipleRequire",
        "pkg",
        "defaultParserInterface",
        "ID",
        "defaultParserInterface",
        "id",
        "ID",
        "displayName",
        "ID",
        "version",
        "pkg",
        "version",
        "homepage",
        "locationProps",
        "Set",
        "loadParser",
        "callback",
        "multipleRequire",
        "callback",
        "parse",
        "parser",
        "code",
        "JSON",
        "parse",
        "parser",
        "parse",
        "code",
        "message",
        "SyntaxError",
        "message",
        "getNodeName",
        "node",
        "node",
        "type",
        "nodeToRange",
        "node",
        "node",
        "node",
        "span",
        "node",
        "span",
        "start",
        "node",
        "span",
        "start",
        "node",
        "span",
        "end",
        "multipleRequire",
      ],
      "path": "../../parsers/monkey/monkey/src/index.js",
      "vars": Array [
        "ID",
        "message",
      ],
    },
    Object {
      "ids": Array [
        "config",
        "ID",
        "config",
        "id",
        "ID",
        "parse",
        "parser",
        "code",
        "parser",
        "parseOcaml",
        "code",
        "config",
      ],
      "path": "../../parsers/ocaml/refmt-ml/src/index.js",
      "vars": Array [
        "ID",
      ],
    },
    Object {
      "ids": Array [
        "multipleRequire",
        "defaultParserInterface",
        "pkg",
        "ID",
        "defaultOptions",
        "parser",
        "extractDoc",
        "ast",
        "withPositions",
        "defaultParserInterface",
        "id",
        "ID",
        "displayName",
        "ID",
        "version",
        "pkg",
        "version",
        "homepage",
        "pkg",
        "homepage",
        "locationProps",
        "Set",
        "typeProps",
        "Set",
        "loadParser",
        "callback",
        "multipleRequire",
        "callback",
        "parse",
        "Engine",
        "code",
        "parser",
        "Engine",
        "defaultOptions",
        "parser",
        "parseCode",
        "code",
        "getNodeName",
        "node",
        "node",
        "kind",
        "nodeToRange",
        "node",
        "node",
        "loc",
        "node",
        "loc",
        "start",
        "node",
        "loc",
        "end",
        "node",
        "loc",
        "start",
        "offset",
        "node",
        "loc",
        "end",
        "offset",
        "opensByDefault",
        "node",
        "key",
        "key",
        "key",
        "key",
        "multipleRequire",
      ],
      "path": "../../parsers/php/php-parser/src/index.js",
      "vars": Array [
        "ID",
        "defaultOptions",
        "parser",
      ],
    },
    Object {
      "ids": Array [
        "multipleRequire",
        "defaultParserInterface",
        "pkg",
        "ID",
        "defaultParserInterface",
        "id",
        "ID",
        "displayName",
        "ID",
        "version",
        "pkg",
        "version",
        "homepage",
        "locationProps",
        "Set",
        "typeProps",
        "Set",
        "loadParser",
        "callback",
        "multipleRequire",
        "callback",
        "parse",
        "parser",
        "code",
        "parser",
        "parse",
        "code",
        "ast",
        "nodeToRange",
        "node",
        "start",
        "end",
        "node",
        "start",
        "end",
        "opensByDefault",
        "node",
        "key",
        "key",
        "multipleRequire",
      ],
      "path": "../../parsers/protobuf/pbkit/src/index.js",
      "vars": Array [
        "ID",
        undefined,
      ],
    },
    Object {
      "ids": Array [
        "multipleRequire",
        "defaultParserInterface",
        "pkg",
        "ID",
        "defaultParserInterface",
        "id",
        "ID",
        "displayName",
        "ID",
        "version",
        "pkg",
        "version",
        "homepage",
        "pkg",
        "homepage",
        "typeProps",
        "Set",
        "locationProps",
        "Set",
        "loadParser",
        "callback",
        "multipleRequire",
        "lex",
        "parse",
        "callback",
        "lex",
        "parse",
        "parse",
        "lex",
        "parse",
        "code",
        "parse",
        "lex",
        "code",
        "src",
        "code",
        "opensByDefault",
        "node",
        "key",
        "key",
        "getNodeName",
        "node",
        "type",
        "node",
        "type",
        "node",
        "val",
        "node",
        "buffer",
        "node",
        "mode",
        "node",
        "name",
        "node",
        "val",
        "node",
        "expr",
        "type",
        "type",
        "node",
        "call",
        "type",
        "type",
        "node",
        "name",
        "multipleRequire",
      ],
      "path": "../../parsers/pug/pug/src/index.js",
      "vars": Array [
        "ID",
        undefined,
      ],
    },
    Object {
      "ids": Array [
        "multipleRequire",
        "defaultParserInterface",
        "pkg",
        "ID",
        "defaultParserInterface",
        "id",
        "ID",
        "displayName",
        "ID",
        "version",
        "pkg",
        "version",
        "homepage",
        "pkg",
        "homepage",
        "locationProps",
        "Set",
        "loadParser",
        "callback",
        "multipleRequire",
        "parser",
        "callback",
        "parser",
        "parse",
        "parser",
        "code",
        "parser",
        "parse",
        "code",
        "locations",
        "ranges",
        "opensByDefault",
        "node",
        "key",
        "key",
        "nodeToRange",
        "node",
        "range",
        "node",
        "range",
        "range",
        "multipleRequire",
      ],
      "path": "../../parsers/python/python/src/index.js",
      "vars": Array [
        "ID",
        undefined,
      ],
    },
    Object {
      "ids": Array [
        "multipleRequire",
        "defaultParserInterface",
        "esyPkg",
        "ID",
        "locKeys",
        "parserVersion",
        "esyPkg",
        "dependencies",
        "defaultParserInterface",
        "id",
        "ID",
        "displayName",
        "ID",
        "version",
        "parserVersion",
        "homepage",
        "parserVersion",
        "locationProps",
        "Set",
        "locKeys",
        "loadParser",
        "callback",
        "multipleRequire",
        "callback",
        "parse",
        "parser",
        "code",
        "parser",
        "parseReason",
        "code",
        "getNodeName",
        "node",
        "node",
        "type",
        "nodeToRange",
        "node",
        "locKey",
        "locKeys",
        "find",
        "key",
        "Object",
        "prototype",
        "hasOwnProperty",
        "call",
        "node",
        "key",
        "locKey",
        "range",
        "node",
        "locKey",
        "loc_start",
        "pos_cnum",
        "node",
        "locKey",
        "loc_end",
        "pos_cnum",
        "range",
        "multipleRequire",
      ],
      "path": "../../parsers/reason/refmt/src/index.js",
      "vars": Array [
        "ID",
        "locKeys",
        "parserVersion",
        "locKey",
        "range",
      ],
    },
    Object {
      "ids": Array [
        "multipleRequire",
        "defaultParserInterface",
        "pkg",
        "ID",
        "defaultParserInterface",
        "id",
        "ID",
        "displayName",
        "ID",
        "version",
        "pkg",
        "version",
        "homepage",
        "pkg",
        "homepage",
        "locationProps",
        "Set",
        "loadParser",
        "callback",
        "multipleRequire",
        "regexpTree",
        "callback",
        "regexpTree",
        "parse",
        "regexpTree",
        "code",
        "options",
        "regexpTree",
        "parser",
        "setOptions",
        "options",
        "regexpTree",
        "parse",
        "code",
        "nodeToRange",
        "node",
        "node",
        "loc",
        "node",
        "loc",
        "start",
        "node",
        "loc",
        "end",
        "opensByDefault",
        "node",
        "key",
        "node",
        "type",
        "key",
        "key",
        "getDefaultOptions",
        "captureLocations",
        "multipleRequire",
      ],
      "path": "../../parsers/regexp/regexp-tree/src/index.js",
      "vars": Array [
        "ID",
      ],
    },
    Object {
      "ids": Array [
        "multipleRequire",
        "defaultParserInterface",
        "pkg",
        "ID",
        "defaultOptions",
        "strict",
        "ecmaVersion",
        "type",
        "RegExpParser",
        "Options",
        "defaultParserInterface",
        "id",
        "ID",
        "displayName",
        "ID",
        "version",
        "pkg",
        "version",
        "homepage",
        "pkg",
        "homepage",
        "locationProps",
        "Set",
        "loadParser",
        "callback",
        "multipleRequire",
        "callback",
        "parse",
        "regexpp",
        "code",
        "options",
        "Object",
        "keys",
        "options",
        "length",
        "options",
        "getDefaultOptions",
        "regexpp",
        "parseRegExpLiteral",
        "code",
        "options",
        "nodeToRange",
        "node",
        "node",
        "start",
        "node",
        "end",
        "node",
        "start",
        "node",
        "end",
        "opensByDefault",
        "node",
        "key",
        "key",
        "key",
        "key",
        "key",
        "getDefaultOptions",
        "defaultOptions",
        "_ignoredProperties",
        "Set",
        "multipleRequire",
      ],
      "path": "../../parsers/regexp/regexpp/src/index.js",
      "vars": Array [
        "ID",
        "defaultOptions",
      ],
    },
    Object {
      "ids": Array [
        "multipleRequire",
        "defaultParserInterface",
        "pkg",
        "ID",
        "defaultOptions",
        "unicodePropertyEscape",
        "namedGroups",
        "lookbehind",
        "defaultParserInterface",
        "id",
        "ID",
        "displayName",
        "ID",
        "version",
        "pkg",
        "version",
        "homepage",
        "pkg",
        "homepage",
        "locationProps",
        "Set",
        "loadParser",
        "callback",
        "multipleRequire",
        "callback",
        "parse",
        "regjsparser",
        "code",
        "options",
        "Object",
        "keys",
        "options",
        "length",
        "options",
        "getDefaultOptions",
        "firstSlash",
        "code",
        "indexOf",
        "lastSlash",
        "code",
        "lastIndexOf",
        "firstSlash",
        "lastSlash",
        "Error",
        "flags",
        "code",
        "slice",
        "lastSlash",
        "pattern",
        "code",
        "slice",
        "firstSlash",
        "lastSlash",
        "regjsparser",
        "parse",
        "pattern",
        "flags",
        "options",
        "nodeToRange",
        "node",
        "node",
        "range",
        "node",
        "range",
        "node",
        "range",
        "opensByDefault",
        "node",
        "key",
        "key",
        "getDefaultOptions",
        "defaultOptions",
        "multipleRequire",
      ],
      "path": "../../parsers/regexp/regjsparser/src/index.js",
      "vars": Array [
        "ID",
        "defaultOptions",
        "firstSlash",
        "lastSlash",
        "flags",
        "pattern",
      ],
    },
    Object {
      "ids": Array [
        "multipleRequire",
        "defaultParserInterface",
        "pkg",
        "ID",
        "defaultParserInterface",
        "id",
        "ID",
        "displayName",
        "ID",
        "version",
        "pkg",
        "version",
        "homepage",
        "pkg",
        "version",
        "_ignoredProperties",
        "Set",
        "locationProps",
        "Set",
        "loadParser",
        "callback",
        "multipleRequire",
        "callback",
        "parse",
        "parser",
        "code",
        "lineOffsets",
        "index",
        "lineOffsets",
        "push",
        "index",
        "index",
        "code",
        "indexOf",
        "index",
        "parser",
        "parseFile",
        "code",
        "getNodeName",
        "node",
        "node",
        "_type",
        "nodeToRange",
        "node",
        "node",
        "span",
        "node",
        "span",
        "start",
        "node",
        "span",
        "end",
        "map",
        "line",
        "column",
        "lineOffsets",
        "line",
        "column",
        "multipleRequire",
      ],
      "path": "../../parsers/rust/syn/src/index.js",
      "vars": Array [
        "ID",
        "index",
      ],
    },
    Object {
      "ids": Array [
        "multipleRequire",
        "defaultParserInterface",
        "pkg",
        "ID",
        "defaultParserInterface",
        "id",
        "ID",
        "displayName",
        "ID",
        "version",
        "pkg",
        "version",
        "homepage",
        "pkg",
        "homepage",
        "locationProps",
        "Set",
        "typeProps",
        "Set",
        "loadParser",
        "callback",
        "multipleRequire",
        "callback",
        "parse",
        "parser",
        "code",
        "options",
        "parser",
        "parseTemplate",
        "code",
        "options",
        "children",
        "opensByDefault",
        "node",
        "key",
        "key",
        "getNodeName",
        "node",
        "node",
        "tagName",
        "getDefaultOptions",
        "_ignoredProperties",
        "Set",
        "multipleRequire",
      ],
      "path": "../../parsers/san/san-template-parser/src/index.js",
      "vars": Array [
        "ID",
      ],
    },
    Object {
      "ids": Array [
        "multipleRequire",
        "pkg",
        "defaultParserInterface",
        "ID",
        "dialects",
        "defaultParserInterface",
        "id",
        "ID",
        "displayName",
        "ID",
        "version",
        "pkg",
        "version",
        "homepage",
        "pkg",
        "homepage",
        "locationProps",
        "Set",
        "loadParser",
        "callback",
        "multipleRequire",
        "callback",
        "parse",
        "scalametaParser",
        "code",
        "options",
        "parsed",
        "scalametaParser",
        "parseSource",
        "code",
        "options",
        "error",
        "lineNumber",
        "columnNumber",
        "parsed",
        "error",
        "e",
        "SyntaxError",
        "parsed",
        "error",
        "e",
        "lineNumber",
        "lineNumber",
        "e",
        "columnNumber",
        "columnNumber",
        "e",
        "parsed",
        "nodeToRange",
        "node",
        "node",
        "pos",
        "node",
        "pos",
        "start",
        "node",
        "pos",
        "end",
        "opensByDefault",
        "node",
        "key",
        "node",
        "type",
        "key",
        "key",
        "key",
        "getDefaultOptions",
        "dialect",
        "_getSettingsConfiguration",
        "fields",
        "dialects",
        "required",
        "Set",
        "multipleRequire",
      ],
      "path": "../../parsers/scala/scalameta/src/index.js",
      "vars": Array [
        "ID",
        "dialects",
        "parsed",
        undefined,
        "e",
      ],
    },
    Object {
      "ids": Array [
        "multipleRequire",
        "pkg",
        "defaultParserInterface",
        "ID",
        "defaultParserInterface",
        "id",
        "ID",
        "displayName",
        "ID",
        "version",
        "pkg",
        "version",
        "homepage",
        "pkg",
        "homepage",
        "loadParser",
        "callback",
        "multipleRequire",
        "callback",
        "parse",
        "parser",
        "code",
        "options",
        "parser",
        "parse",
        "code",
        "options",
        "opensByDefault",
        "node",
        "key",
        "node",
        "type",
        "node",
        "type",
        "key",
        "key",
        "key",
        "getDefaultOptions",
        "range",
        "loc",
        "tolerant",
        "_getSettingsConfiguration",
        "fields",
        "multipleRequire",
      ],
      "path": "../../parsers/solidity/solidity-parser-antlr/src/index.js",
      "vars": Array [
        "ID",
      ],
    },
    Object {
      "ids": Array [
        "multipleRequire",
        "pkg",
        "defaultParserInterface",
        "ID",
        "defaultParserInterface",
        "id",
        "ID",
        "displayName",
        "ID",
        "version",
        "pkg",
        "version",
        "homepage",
        "pkg",
        "homepage",
        "loadParser",
        "callback",
        "multipleRequire",
        "callback",
        "parse",
        "parser",
        "code",
        "options",
        "parser",
        "parse",
        "code",
        "options",
        "opensByDefault",
        "node",
        "key",
        "node",
        "type",
        "node",
        "type",
        "key",
        "key",
        "key",
        "getDefaultOptions",
        "range",
        "loc",
        "tolerant",
        "_getSettingsConfiguration",
        "fields",
        "multipleRequire",
      ],
      "path": "../../parsers/solidity/solidity-parser-diligence/src/index.js",
      "vars": Array [
        "ID",
      ],
    },
    Object {
      "ids": Array [
        "multipleRequire",
        "defaultParserInterface",
        "pkg",
        "ID",
        "defaultParserInterface",
        "id",
        "ID",
        "displayName",
        "ID",
        "version",
        "pkg",
        "version",
        "homepage",
        "pkg",
        "homepage",
        "loadParser",
        "callback",
        "multipleRequire",
        "callback",
        "parse",
        "sqliteParser",
        "code",
        "sqliteParser",
        "code",
        "opensByDefault",
        "node",
        "key",
        "key",
        "multipleRequire",
      ],
      "path": "../../parsers/sql/sqlite-parser/src/index.js",
      "vars": Array [
        "ID",
      ],
    },
    Object {
      "ids": Array [
        "multipleRequire",
        "defaultParserInterface",
        "pkg",
        "ID",
        "defaultParserInterface",
        "id",
        "ID",
        "displayName",
        "ID",
        "version",
        "pkg",
        "version",
        "homepage",
        "locationProps",
        "Set",
        "loadParser",
        "callback",
        "multipleRequire",
        "callback",
        "parse",
        "parse",
        "code",
        "parse",
        "code",
        "getNodeName",
        "node",
        "node",
        "type",
        "nodeToRange",
        "loc",
        "loc",
        "loc",
        "undefined",
        "loc",
        "start",
        "index",
        "loc",
        "end",
        "index",
        "opensByDefault",
        "node",
        "key",
        "node",
        "key",
        "multipleRequire",
      ],
      "path": "../../parsers/thrift/thrift-parser/src/index.js",
      "vars": Array [
        "ID",
      ],
    },
    Object {
      "ids": Array [
        "multipleRequire",
        "defaultParserInterface",
        "pkg",
        "ID",
        "defaultParserInterface",
        "id",
        "ID",
        "displayName",
        "ID",
        "version",
        "pkg",
        "version",
        "homepage",
        "pkg",
        "homepage",
        "locationProps",
        "Set",
        "typeProps",
        "Set",
        "loadParser",
        "callback",
        "multipleRequire",
        "callback",
        "parse",
        "parser",
        "code",
        "options",
        "parser",
        "parse",
        "code",
        "options",
        "nodeToRange",
        "node",
        "node",
        "type",
        "node",
        "name",
        "node",
        "loc",
        "start",
        "offset",
        "node",
        "loc",
        "end",
        "offset",
        "opensByDefault",
        "node",
        "key",
        "key",
        "getNodeName",
        "node",
        "node",
        "tag",
        "getDefaultOptions",
        "_ignoredProperties",
        "Set",
        "multipleRequire",
      ],
      "path": "../../parsers/vue/vue-compiler-dom/src/index.js",
      "vars": Array [
        "ID",
      ],
    },
    Object {
      "ids": Array [
        "multipleRequire",
        "defaultParserInterface",
        "pkg",
        "ID",
        "defaultParserInterface",
        "id",
        "ID",
        "displayName",
        "ID",
        "version",
        "pkg",
        "version",
        "homepage",
        "pkg",
        "homepage",
        "locationProps",
        "Set",
        "typeProps",
        "Set",
        "loadParser",
        "callback",
        "multipleRequire",
        "callback",
        "parse",
        "parser",
        "code",
        "options",
        "Object",
        "keys",
        "options",
        "length",
        "options",
        "getDefaultOptions",
        "parser",
        "parse",
        "code",
        "options",
        "nodeToRange",
        "node",
        "node",
        "type",
        "node",
        "name",
        "node",
        "range",
        "opensByDefault",
        "node",
        "key",
        "key",
        "getNodeName",
        "node",
        "node",
        "tag",
        "getDefaultOptions",
        "ecmaVersion",
        "sourceType",
        "vueFeatures",
        "filter",
        "interpolationAsNonHTML",
        "_getSettingsConfiguration",
        "defaultOptions",
        "getDefaultOptions",
        "fields",
        "value",
        "Number",
        "value",
        "key",
        "title",
        "fields",
        "Object",
        "keys",
        "defaultOptions",
        "vueFeatures",
        "settings",
        "settings",
        "settings",
        "vueFeatures",
        "defaultOptions",
        "vueFeatures",
        "_ignoredProperties",
        "Set",
        "multipleRequire",
      ],
      "path": "../../parsers/vue/vue-eslint-parser/src/index.js",
      "vars": Array [
        "ID",
        "defaultOptions",
      ],
    },
    Object {
      "ids": Array [
        "multipleRequire",
        "defaultParserInterface",
        "pkg",
        "ID",
        "defaultParserInterface",
        "id",
        "ID",
        "displayName",
        "ID",
        "version",
        "pkg",
        "version",
        "homepage",
        "pkg",
        "homepage",
        "locationProps",
        "Set",
        "typeProps",
        "Set",
        "loadParser",
        "callback",
        "multipleRequire",
        "callback",
        "parse",
        "parser",
        "code",
        "options",
        "parser",
        "compile",
        "code",
        "options",
        "ast",
        "nodeToRange",
        "node",
        "node",
        "type",
        "node",
        "name",
        "node",
        "start",
        "node",
        "end",
        "opensByDefault",
        "node",
        "key",
        "key",
        "getNodeName",
        "node",
        "node",
        "tag",
        "getDefaultOptions",
        "outputSourceRange",
        "whitespace",
        "_ignoredProperties",
        "Set",
        "multipleRequire",
      ],
      "path": "../../parsers/vue/vue-template-compiler/src/index.js",
      "vars": Array [
        "ID",
      ],
    },
    Object {
      "ids": Array [
        "multipleRequire",
        "defaultParserInterface",
        "pkg",
        "ID",
        "defaultParserInterface",
        "id",
        "ID",
        "displayName",
        "ID",
        "version",
        "pkg",
        "version",
        "homepage",
        "locationProps",
        "Set",
        "getOffset",
        "line",
        "column",
        "lineOffsets",
        "line",
        "column",
        "nodeToRange",
        "loc",
        "loc",
        "loc",
        "start",
        "loc",
        "end",
        "map",
        "pos",
        "getOffset",
        "pos",
        "loadParser",
        "callback",
        "multipleRequire",
        "parser",
        "callback",
        "parser",
        "parse",
        "parse",
        "code",
        "lineOffsets",
        "index",
        "lineOffsets",
        "push",
        "index",
        "index",
        "code",
        "indexOf",
        "index",
        "parse",
        "code",
        "multipleRequire",
      ],
      "path": "../../parsers/wat/wat-parser/src/index.js",
      "vars": Array [
        "ID",
        "index",
      ],
    },
    Object {
      "ids": Array [
        "multipleRequire",
        "defaultParserInterface",
        "pkg",
        "ID",
        "defaultParserInterface",
        "id",
        "ID",
        "displayName",
        "ID",
        "version",
        "pkg",
        "version",
        "homepage",
        "pkg",
        "homepage",
        "typeProps",
        "Set",
        "getNodeName",
        "node",
        "node",
        "name",
        "node",
        "name",
        "node",
        "optional",
        "node",
        "type",
        "node",
        "type",
        "node",
        "idlType",
        "node",
        "idlType",
        "idlType",
        "node",
        "idlType",
        "loadParser",
        "callback",
        "multipleRequire",
        "callback",
        "parse",
        "parse",
        "code",
        "options",
        "parse",
        "code",
        "options",
        "opensByDefault",
        "node",
        "key",
        "key",
        "getDefaultOptions",
        "concrete",
        "multipleRequire",
      ],
      "path": "../../parsers/webidl/webidl2/src/index.js",
      "vars": Array [
        "ID",
      ],
    },
    Object {
      "ids": Array [
        "multipleRequire",
        "defaultParserInterface",
        "pkg",
        "ID",
        "Kind",
        "defaultParserInterface",
        "id",
        "ID",
        "displayName",
        "ID",
        "version",
        "pkg",
        "version",
        "homepage",
        "pkg",
        "homepage",
        "_ignoredProperties",
        "Set",
        "locationProps",
        "Set",
        "typeProps",
        "Set",
        "nodeToRange",
        "node",
        "node",
        "startPosition",
        "node",
        "startPosition",
        "node",
        "endPosition",
        "getNodeName",
        "node",
        "Kind",
        "node",
        "kind",
        "loadParser",
        "callback",
        "multipleRequire",
        "yamlAstParser",
        "Kind",
        "yamlAstParser",
        "Kind",
        "callback",
        "yamlAstParser",
        "parse",
        "load",
        "code",
        "load",
        "code",
        "multipleRequire",
      ],
      "path": "../../parsers/yaml/yaml-ast-parser/src/index.js",
      "vars": Array [
        "ID",
        "Kind",
      ],
    },
    Object {
      "ids": Array [
        "multipleRequire",
        "defaultParserInterface",
        "pkg",
        "ID",
        "defaultParserInterface",
        "id",
        "ID",
        "displayName",
        "ID",
        "version",
        "pkg",
        "version",
        "homepage",
        "pkg",
        "homepage",
        "locationProps",
        "Set",
        "loadParser",
        "callback",
        "multipleRequire",
        "callback",
        "nodeToRange",
        "node",
        "node",
        "range",
        "node",
        "range",
        "node",
        "type",
        "node",
        "key",
        "node",
        "value",
        "node",
        "key",
        "node",
        "value",
        "node",
        "key",
        "range",
        "node",
        "value",
        "range",
        "node",
        "key",
        "node",
        "key",
        "range",
        "node",
        "value",
        "range",
        "parse",
        "parseAllDocuments",
        "code",
        "options",
        "parseAllDocuments",
        "code",
        "options",
        "getDefaultOptions",
        "keepBlobsInJSON",
        "keepCstNodes",
        "keepNodeTypes",
        "merge",
        "mapAsMap",
        "simpleKeys",
        "maxAliasCount",
        "prettyErrors",
        "multipleRequire",
      ],
      "path": "../../parsers/yaml/yaml/src/index.js",
      "vars": Array [
        "ID",
      ],
    },
  ],
}
`;
