// Jest Snapshot v1, https://goo.gl/fbAQLP

exports[`ast.getFullText() should match codeExample.txt 1`] = `
"import MyComp from './components/MyComp'

export const meta = {
  title: 'Page Title',
  description: 'This is a page description',
}

# Hello

<MyComp prop=\\"value\\">
  Component children
</MyComp>

Some *emphasis*, **importance**, and \`code\`.

---

\`\`\`javascript
console.log('!');
\`\`\`

* foo
* bar
* baz
"
`;

exports[`should query generated ast 1`] = `28`;
